ABCDEFABCDEFABCDEFABCDEFABCDEF